[debug] [2026-08-01T01:54:13.150Z] ----------------------------------------------------------------------
[debug] [2026-08-01T01:54:13.160Z] Command:       C:\tmp\firebase-tools\firebase-tools-win.exe C:\Users\jorge_w2dmd47\.cache\firebase\tools\lib\node_modules\firebase-tools\lib\bin\firebase functions:list --project jorgeranilla-site --debug
[debug] [2026-08-01T01:54:13.160Z] CLI Version:   15.15.0
[debug] [2026-08-01T01:54:13.161Z] Platform:      win32
[debug] [2026-08-01T01:54:13.161Z] Node Version:  v20.18.2
[debug] [2026-08-01T01:54:13.161Z] Time:          Fri Jul 31 2026 21:54:13 GMT-0400 (Eastern Daylight Time)
[debug] [2026-08-01T01:54:13.161Z] ----------------------------------------------------------------------
[debug] 
[debug] [2026-08-01T01:54:13.841Z] > command requires scopes: ["email","openid","https://www.googleapis.com/auth/cloudplatformprojects.readonly","https://www.googleapis.com/auth/firebase","https://www.googleapis.com/auth/cloud-platform"]
[debug] [2026-08-01T01:54:13.845Z] > authorizing via signed-in user (jorgeranilla@gmail.com)
[debug] [2026-08-01T01:54:13.846Z] [iam] checking project jorgeranilla-site for permissions ["cloudfunctions.functions.list","firebase.projects.get","run.services.list"]
[debug] [2026-08-01T01:54:13.857Z] Checked if tokens are valid: true, expires at: 1785552260940
[debug] [2026-08-01T01:54:13.858Z] Checked if tokens are valid: true, expires at: 1785552260940
[debug] [2026-08-01T01:54:13.861Z] >>> [apiv2][query] POST https://cloudresourcemanager.googleapis.com/v1/projects/jorgeranilla-site:testIamPermissions [none]
[debug] [2026-08-01T01:54:13.863Z] >>> [apiv2][(partial)header] POST https://cloudresourcemanager.googleapis.com/v1/projects/jorgeranilla-site:testIamPermissions  x-goog-user-project=jorgeranilla-site
[debug] [2026-08-01T01:54:13.864Z] >>> [apiv2][body] POST https://cloudresourcemanager.googleapis.com/v1/projects/jorgeranilla-site:testIamPermissions {"permissions":["cloudfunctions.functions.list","firebase.projects.get","run.services.list"]}
[debug] [2026-08-01T01:54:14.092Z] *** [apiv2] error from fetch(https://cloudresourcemanager.googleapis.com/v1/projects/jorgeranilla-site:testIamPermissions, {"headers":{},"method":"POST","body":"{\"permissions\":[\"cloudfunctions.functions.list\",\"firebase.projects.get\",\"run.services.list\"]}"}): FetchError: request to https://cloudresourcemanager.googleapis.com/v1/projects/jorgeranilla-site:testIamPermissions failed, reason: unable to verify the first certificate
[debug] [2026-08-01T01:54:14.093Z] [iam] error while checking permissions, command may fail: Failed to make request to https://cloudresourcemanager.googleapis.com/v1/projects/jorgeranilla-site:testIamPermissions
[debug] [2026-08-01T01:54:14.095Z] Checked if tokens are valid: true, expires at: 1785552260940
[debug] [2026-08-01T01:54:14.095Z] Checked if tokens are valid: true, expires at: 1785552260940
[debug] [2026-08-01T01:54:14.095Z] >>> [apiv2][query] GET https://cloudfunctions.googleapis.com/v1/projects/jorgeranilla-site/locations/-/functions [none]
[debug] [2026-08-01T01:54:14.169Z] *** [apiv2] error from fetch(https://cloudfunctions.googleapis.com/v1/projects/jorgeranilla-site/locations/-/functions, {"headers":{},"method":"GET"}): FetchError: request to https://cloudfunctions.googleapis.com/v1/projects/jorgeranilla-site/locations/-/functions failed, reason: unable to verify the first certificate
[debug] [2026-08-01T01:54:14.169Z] [functions] failed to list functions for jorgeranilla-site
[debug] [2026-08-01T01:54:14.169Z] [functions] Failed to make request to https://cloudfunctions.googleapis.com/v1/projects/jorgeranilla-site/locations/-/functions
[debug] [2026-08-01T01:54:14.171Z] FirebaseError: Failed to make request to https://cloudfunctions.googleapis.com/v1/projects/jorgeranilla-site/locations/-/functions
    at RetryOperation._fn (C:\Users\jorge_w2dmd47\.cache\firebase\tools\lib\node_modules\firebase-tools\lib\apiv2.js:282:31)
    at process.processTicksAndRejections (node:internal/process/task_queues:95:5)
[error] 
[error] Error: Failed to list functions for jorgeranilla-site
[debug] [2026-08-01T01:54:59.293Z] ----------------------------------------------------------------------
[debug] [2026-08-01T01:54:59.295Z] Command:       C:\tmp\firebase-tools\firebase-tools-win.exe C:\Users\jorge_w2dmd47\.cache\firebase\tools\lib\node_modules\firebase-tools\lib\bin\firebase functions:list --project jorgeranilla-site --debug
[debug] [2026-08-01T01:54:59.296Z] CLI Version:   15.15.0
[debug] [2026-08-01T01:54:59.296Z] Platform:      win32
[debug] [2026-08-01T01:54:59.296Z] Node Version:  v20.18.2
[debug] [2026-08-01T01:54:59.296Z] Time:          Fri Jul 31 2026 21:54:59 GMT-0400 (Eastern Daylight Time)
[debug] [2026-08-01T01:54:59.296Z] ----------------------------------------------------------------------
[debug] 
[debug] [2026-08-01T01:54:59.582Z] > command requires scopes: ["email","openid","https://www.googleapis.com/auth/cloudplatformprojects.readonly","https://www.googleapis.com/auth/firebase","https://www.googleapis.com/auth/cloud-platform"]
[debug] [2026-08-01T01:54:59.583Z] > authorizing via signed-in user (jorgeranilla@gmail.com)
[debug] [2026-08-01T01:54:59.584Z] [iam] checking project jorgeranilla-site for permissions ["cloudfunctions.functions.list","firebase.projects.get","run.services.list"]
[debug] [2026-08-01T01:54:59.586Z] Checked if tokens are valid: true, expires at: 1785552260940
[debug] [2026-08-01T01:54:59.586Z] Checked if tokens are valid: true, expires at: 1785552260940
[debug] [2026-08-01T01:54:59.588Z] >>> [apiv2][query] POST https://cloudresourcemanager.googleapis.com/v1/projects/jorgeranilla-site:testIamPermissions [none]
[debug] [2026-08-01T01:54:59.588Z] >>> [apiv2][(partial)header] POST https://cloudresourcemanager.googleapis.com/v1/projects/jorgeranilla-site:testIamPermissions  x-goog-user-project=jorgeranilla-site
[debug] [2026-08-01T01:54:59.589Z] >>> [apiv2][body] POST https://cloudresourcemanager.googleapis.com/v1/projects/jorgeranilla-site:testIamPermissions {"permissions":["cloudfunctions.functions.list","firebase.projects.get","run.services.list"]}
[debug] [2026-08-01T01:54:59.991Z] <<< [apiv2][status] POST https://cloudresourcemanager.googleapis.com/v1/projects/jorgeranilla-site:testIamPermissions 200
[debug] [2026-08-01T01:54:59.992Z] <<< [apiv2][body] POST https://cloudresourcemanager.googleapis.com/v1/projects/jorgeranilla-site:testIamPermissions {"permissions":["cloudfunctions.functions.list","firebase.projects.get","run.services.list"]}
[debug] [2026-08-01T01:54:59.996Z] Checked if tokens are valid: true, expires at: 1785552260940
[debug] [2026-08-01T01:54:59.996Z] Checked if tokens are valid: true, expires at: 1785552260940
[debug] [2026-08-01T01:54:59.997Z] >>> [apiv2][query] GET https://cloudfunctions.googleapis.com/v1/projects/jorgeranilla-site/locations/-/functions [none]
[debug] [2026-08-01T01:55:00.712Z] <<< [apiv2][status] GET https://cloudfunctions.googleapis.com/v1/projects/jorgeranilla-site/locations/-/functions 200
[debug] [2026-08-01T01:55:00.712Z] <<< [apiv2][body] GET https://cloudfunctions.googleapis.com/v1/projects/jorgeranilla-site/locations/-/functions {}
[debug] [2026-08-01T01:55:00.713Z] Checked if tokens are valid: true, expires at: 1785552260940
[debug] [2026-08-01T01:55:00.713Z] Checked if tokens are valid: true, expires at: 1785552260940
[debug] [2026-08-01T01:55:00.714Z] >>> [apiv2][query] GET https://cloudfunctions.googleapis.com/v2/projects/jorgeranilla-site/locations/-/functions filter=environment%3D%22GEN_2%22
[debug] [2026-08-01T01:55:01.249Z] <<< [apiv2][status] GET https://cloudfunctions.googleapis.com/v2/projects/jorgeranilla-site/locations/-/functions 200
[debug] [2026-08-01T02:16:03.929Z] ----------------------------------------------------------------------
[debug] [2026-08-01T02:16:03.932Z] Command:       C:\tmp\firebase-tools\firebase-tools-win.exe C:\Users\jorge_w2dmd47\.cache\firebase\tools\lib\node_modules\firebase-tools\lib\bin\firebase deploy --only functions:syncFamilyVideosFromYouTube --project jorgeranilla-site --debug
[debug] [2026-08-01T02:16:03.933Z] CLI Version:   15.15.0
[debug] [2026-08-01T02:16:03.933Z] Platform:      win32
[debug] [2026-08-01T02:16:03.933Z] Node Version:  v20.18.2
[debug] [2026-08-01T02:16:03.933Z] Time:          Fri Jul 31 2026 22:16:03 GMT-0400 (Eastern Daylight Time)
[debug] [2026-08-01T02:16:03.933Z] ----------------------------------------------------------------------
[debug] 
[debug] [2026-08-01T02:16:11.523Z] > command requires scopes: ["email","openid","https://www.googleapis.com/auth/cloudplatformprojects.readonly","https://www.googleapis.com/auth/firebase","https://www.googleapis.com/auth/cloud-platform"]
[debug] [2026-08-01T02:16:11.525Z] > authorizing via signed-in user (jorgeranilla@gmail.com)
[debug] [2026-08-01T02:16:11.525Z] [iam] checking project jorgeranilla-site for permissions ["cloudfunctions.functions.create","cloudfunctions.functions.delete","cloudfunctions.functions.get","cloudfunctions.functions.list","cloudfunctions.functions.update","cloudfunctions.operations.get","firebase.projects.get"]
[debug] [2026-08-01T02:16:11.528Z] Checked if tokens are valid: true, expires at: 1785552260940
[debug] [2026-08-01T02:16:11.528Z] Checked if tokens are valid: true, expires at: 1785552260940
[debug] [2026-08-01T02:16:11.531Z] >>> [apiv2][query] POST https://cloudresourcemanager.googleapis.com/v1/projects/jorgeranilla-site:testIamPermissions [none]
[debug] [2026-08-01T02:16:11.531Z] >>> [apiv2][(partial)header] POST https://cloudresourcemanager.googleapis.com/v1/projects/jorgeranilla-site:testIamPermissions  x-goog-user-project=jorgeranilla-site
[debug] [2026-08-01T02:16:11.532Z] >>> [apiv2][body] POST https://cloudresourcemanager.googleapis.com/v1/projects/jorgeranilla-site:testIamPermissions {"permissions":["cloudfunctions.functions.create","cloudfunctions.functions.delete","cloudfunctions.functions.get","cloudfunctions.functions.list","cloudfunctions.functions.update","cloudfunctions.operations.get","firebase.projects.get"]}
[debug] [2026-08-01T02:16:12.615Z] <<< [apiv2][status] POST https://cloudresourcemanager.googleapis.com/v1/projects/jorgeranilla-site:testIamPermissions 200
[debug] [2026-08-01T02:16:12.615Z] <<< [apiv2][body] POST https://cloudresourcemanager.googleapis.com/v1/projects/jorgeranilla-site:testIamPermissions {"permissions":["cloudfunctions.functions.create","cloudfunctions.functions.delete","cloudfunctions.functions.get","cloudfunctions.functions.list","cloudfunctions.functions.update","cloudfunctions.operations.get","firebase.projects.get"]}
[debug] [2026-08-01T02:16:12.616Z] Checked if tokens are valid: true, expires at: 1785552260940
[debug] [2026-08-01T02:16:12.617Z] Checked if tokens are valid: true, expires at: 1785552260940
[debug] [2026-08-01T02:16:12.618Z] >>> [apiv2][query] POST https://iam.googleapis.com/v1/projects/jorgeranilla-site/serviceAccounts/jorgeranilla-site@appspot.gserviceaccount.com:testIamPermissions [none]
[debug] [2026-08-01T02:16:12.618Z] >>> [apiv2][body] POST https://iam.googleapis.com/v1/projects/jorgeranilla-site/serviceAccounts/jorgeranilla-site@appspot.gserviceaccount.com:testIamPermissions {"permissions":["iam.serviceAccounts.actAs"]}
[debug] [2026-08-01T02:16:12.814Z] <<< [apiv2][status] POST https://iam.googleapis.com/v1/projects/jorgeranilla-site/serviceAccounts/jorgeranilla-site@appspot.gserviceaccount.com:testIamPermissions 200
[debug] [2026-08-01T02:16:12.815Z] <<< [apiv2][body] POST https://iam.googleapis.com/v1/projects/jorgeranilla-site/serviceAccounts/jorgeranilla-site@appspot.gserviceaccount.com:testIamPermissions {"permissions":["iam.serviceAccounts.actAs"]}
[info] 
[info] === Deploying to 'jorgeranilla-site'...
[info] 
[info] i  deploying functions 
[debug] [2026-08-01T02:16:12.821Z] Checked if tokens are valid: true, expires at: 1785552260940
[debug] [2026-08-01T02:16:12.821Z] Checked if tokens are valid: true, expires at: 1785552260940
[debug] [2026-08-01T02:16:12.822Z] >>> [apiv2][query] GET https://cloudresourcemanager.googleapis.com/v1/projects/jorgeranilla-site [none]
[debug] [2026-08-01T02:16:12.945Z] <<< [apiv2][status] GET https://cloudresourcemanager.googleapis.com/v1/projects/jorgeranilla-site 200
[debug] [2026-08-01T02:16:12.945Z] <<< [apiv2][body] GET https://cloudresourcemanager.googleapis.com/v1/projects/jorgeranilla-site {"projectNumber":"125483521813","projectId":"jorgeranilla-site","lifecycleState":"ACTIVE","name":"jorgeranilla-site","labels":{"firebase":"enabled","firebase-core":"disabled"},"createTime":"2026-05-03T20:29:56.653Z","parent":{"type":"organization","id":"454092928824"}}
[info] i  functions: preparing codebase default for deployment 
[info] i  functions: ensuring required API cloudfunctions.googleapis.com is enabled... 
[info] i  functions: ensuring required API cloudbuild.googleapis.com is enabled... 
[info] i  artifactregistry: ensuring required API artifactregistry.googleapis.com is enabled... 
[debug] [2026-08-01T02:16:12.950Z] Checked if tokens are valid: true, expires at: 1785552260940
[debug] [2026-08-01T02:16:12.951Z] Checked if tokens are valid: true, expires at: 1785552260940
[debug] [2026-08-01T02:16:12.951Z] >>> [apiv2][query] GET https://firebase.googleapis.com/v1beta1/projects/jorgeranilla-site/adminSdkConfig [none]
[debug] [2026-08-01T02:16:13.387Z] <<< [apiv2][status] GET https://firebase.googleapis.com/v1beta1/projects/jorgeranilla-site/adminSdkConfig 200
[debug] [2026-08-01T02:16:13.388Z] <<< [apiv2][body] GET https://firebase.googleapis.com/v1beta1/projects/jorgeranilla-site/adminSdkConfig {"projectId":"jorgeranilla-site","databaseURL":"https://jorgeranilla-site-default-rtdb.firebaseio.com","storageBucket":"jorgeranilla-site.firebasestorage.app"}
[debug] [2026-08-01T02:16:13.389Z] Checked if tokens are valid: true, expires at: 1785552260940
[debug] [2026-08-01T02:16:13.389Z] Checked if tokens are valid: true, expires at: 1785552260940
[debug] [2026-08-01T02:16:13.390Z] >>> [apiv2][query] GET https://runtimeconfig.googleapis.com/v1beta1/projects/jorgeranilla-site/configs [none]
[debug] [2026-08-01T02:16:13.824Z] <<< [apiv2][status] GET https://runtimeconfig.googleapis.com/v1beta1/projects/jorgeranilla-site/configs 200
[debug] [2026-08-01T02:16:13.824Z] <<< [apiv2][body] GET https://runtimeconfig.googleapis.com/v1beta1/projects/jorgeranilla-site/configs {}
[debug] [2026-08-01T02:16:13.827Z] Validating nodejs source
[debug] [2026-08-01T02:16:23.859Z] checkFunctionsSDKVersion was unable to fetch information from NPM Error: spawnSync C:\WINDOWS\system32\cmd.exe ETIMEDOUT
    at Object.spawnSync (node:internal/child_process:1123:20)
    at Object.spawnSync (node:child_process:877:24)
    at Object.spawnSync (pkg/prelude/bootstrap.js:2092:31)
    at Function.spawnSync [as sync] (C:\Users\jorge_w2dmd47\.cache\firebase\tools\lib\node_modules\cross-spawn\index.js:26:23)
    at Object.getLatestSDKVersion (C:\Users\jorge_w2dmd47\.cache\firebase\tools\lib\node_modules\firebase-tools\lib\deploy\functions\runtimes\node\versioning.js:55:25)
    at Object.checkFunctionsSDKVersion (C:\Users\jorge_w2dmd47\.cache\firebase\tools\lib\node_modules\firebase-tools\lib\deploy\functions\runtimes\node\versioning.js:74:32)
    at Delegate.validate (C:\Users\jorge_w2dmd47\.cache\firebase\tools\lib\node_modules\firebase-tools\lib\deploy\functions\runtimes\node\index.js:88:20)
    at loadCodebases (C:\Users\jorge_w2dmd47\.cache\firebase\tools\lib\node_modules\firebase-tools\lib\deploy\functions\prepare.js:372:31)
    at async prepare (C:\Users\jorge_w2dmd47\.cache\firebase\tools\lib\node_modules\firebase-tools\lib\deploy\functions\prepare.js:73:24)
    at async chain (C:\Users\jorge_w2dmd47\.cache\firebase\tools\lib\node_modules\firebase-tools\lib\deploy\index.js:45:9)
[debug] [2026-08-01T02:16:23.861Z] > [functions] package.json contents: {
  "name": "antigravity-functions",
  "private": true,
  "engines": {
    "node": "22"
  },
  "main": "index.js",
  "dependencies": {
    "busboy": "^1.6.0",
    "ffmpeg-static": "^5.3.0",
    "firebase-admin": "^12.0.0",
    "firebase-functions": "^7.2.5",
    "nodemailer": "^6.9.13",
    "sharp": "^0.33.5"
  }
}
[debug] [2026-08-01T02:16:23.862Z] Building nodejs source
[info] i  functions: Loading and analyzing source code for codebase default to determine what to deploy 
[debug] [2026-08-01T02:16:23.867Z] Could not find functions.yaml. Must use http discovery
[debug] [2026-08-01T02:16:23.899Z] Found firebase-functions binary at 'C:\Projects\jorgeranilla.com\functions\node_modules\.bin\firebase-functions'
[info] Serving at port 8366

[error] 
[error] Error: User code failed to load. Cannot determine backend specification. Timeout after 10000. See https://firebase.google.com/docs/functions/tips#avoid_deployment_timeouts_during_initialization'
